// Vitest Snapshot v1, https://vitest.dev/guide/snapshot.html

exports[`GiftGrid Component > matches snapshot 1`] = `
<DocumentFragment>
  <h3
    class="animate__animated animate__fadeIn"
  >
    One Punch Man
  </h3>
  <div
    class="card-grid animate__animated animate__fadeIn animate__delay-2s"
  >
    <p
      class="animate__animated animate__flash animate__infinite animate__slower"
    >
      Loading...
    </p>
  </div>
</DocumentFragment>
`;
